// Jest Snapshot v1, https://goo.gl/fbAQLP

exports[`renders correctly basic 1`] = `
<RCTSafeAreaView
  emulateUnlessSupported={true}
>
  <View
    style={
      Array [
        Object {
          "backgroundColor": "white",
          "padding": 19,
          "width": "100%",
        },
        undefined,
      ]
    }
  />
</RCTSafeAreaView>
`;
