// Jest Snapshot v1, https://goo.gl/fbAQLP

exports[`renders correctly basic 1`] = `
<View
  style={
    Object {
      "alignItems": "center",
      "flexDirection": "row",
      "justifyContent": "space-between",
      "width": "100%",
    }
  }
>
  <View
    accessibilityState={
      Object {
        "disabled": false,
      }
    }
    accessible={true}
    collapsable={false}
    focusable={true}
    onClick={[Function]}
    onResponderGrant={[Function]}
    onResponderMove={[Function]}
    onResponderRelease={[Function]}
    onResponderTerminate={[Function]}
    onResponderTerminationRequest={[Function]}
    onStartShouldSetResponder={[Function]}
    style={
      Object {
        "opacity": 1,
      }
    }
    testID="buttonLeft"
  >
    <Image
      source={
        Object {
          "testUri": "../../../src/assets/images/logo_icon.png",
        }
      }
      style={
        Object {
          "height": 18.5,
          "resizeMode": "contain",
          "width": 18.33,
        }
      }
      testID="imageLeft"
    />
  </View>
  <Text
    style={
      Object {
        "color": "#85868A",
        "fontFamily": "WorkSans-Regular",
        "fontSize": 14,
        "fontWeight": "700",
        "textTransform": "uppercase",
      }
    }
  >
    TITLE
  </Text>
  <View
    accessible={true}
    collapsable={false}
    focusable={true}
    onClick={[Function]}
    onResponderGrant={[Function]}
    onResponderMove={[Function]}
    onResponderRelease={[Function]}
    onResponderTerminate={[Function]}
    onResponderTerminationRequest={[Function]}
    onStartShouldSetResponder={[Function]}
    style={
      Object {
        "opacity": 1,
      }
    }
    testID="buttonRight"
  >
    <Image
      source={
        Object {
          "testUri": "../../../src/assets/images/logo_icon.png",
        }
      }
      style={
        Object {
          "height": 30,
          "resizeMode": "contain",
          "width": 30,
        }
      }
      testID="imageRight"
    />
  </View>
</View>
`;
